$ git add .
warning: in the working copy of 'package-lock.json', LF will be replaced by CRLF
 the next time Git touches it
warning: in the working copy of 'package.json', LF will be replaced by CRLF the
next time Git touches it